../Drivers/STM32L4xx_HAL_Driver/Src/stm32l4xx_hal.c:152:19:HAL_Init	16	static
../Drivers/STM32L4xx_HAL_Driver/Src/stm32l4xx_hal.c:196:19:HAL_DeInit	8	static
../Drivers/STM32L4xx_HAL_Driver/Src/stm32l4xx_hal.c:225:13:HAL_MspInit	4	static
../Drivers/STM32L4xx_HAL_Driver/Src/stm32l4xx_hal.c:236:13:HAL_MspDeInit	4	static
../Drivers/STM32L4xx_HAL_Driver/Src/stm32l4xx_hal.c:260:26:HAL_InitTick	24	static
../Drivers/STM32L4xx_HAL_Driver/Src/stm32l4xx_hal.c:327:13:HAL_IncTick	4	static
../Drivers/STM32L4xx_HAL_Driver/Src/stm32l4xx_hal.c:338:17:HAL_GetTick	4	static
../Drivers/STM32L4xx_HAL_Driver/Src/stm32l4xx_hal.c:347:10:HAL_GetTickPrio	4	static
../Drivers/STM32L4xx_HAL_Driver/Src/stm32l4xx_hal.c:357:19:HAL_SetTickFreq	24	static
../Drivers/STM32L4xx_HAL_Driver/Src/stm32l4xx_hal.c:379:10:HAL_GetTickFreq	4	static
../Drivers/STM32L4xx_HAL_Driver/Src/stm32l4xx_hal.c:395:13:HAL_Delay	24	static
../Drivers/STM32L4xx_HAL_Driver/Src/stm32l4xx_hal.c:449:10:HAL_GetHalVersion	4	static
../Drivers/STM32L4xx_HAL_Driver/Src/stm32l4xx_hal.c:458:10:HAL_GetREVID	4	static
../Drivers/STM32L4xx_HAL_Driver/Src/stm32l4xx_hal.c:467:10:HAL_GetDEVID	4	static
../Drivers/STM32L4xx_HAL_Driver/Src/stm32l4xx_hal.c:476:10:HAL_GetUIDw0	4	static
../Drivers/STM32L4xx_HAL_Driver/Src/stm32l4xx_hal.c:485:10:HAL_GetUIDw1	4	static
../Drivers/STM32L4xx_HAL_Driver/Src/stm32l4xx_hal.c:494:10:HAL_GetUIDw2	4	static
../Drivers/STM32L4xx_HAL_Driver/Src/stm32l4xx_hal.c:523:6:HAL_DBGMCU_EnableDBGSleepMode	4	static
../Drivers/STM32L4xx_HAL_Driver/Src/stm32l4xx_hal.c:532:6:HAL_DBGMCU_DisableDBGSleepMode	4	static
../Drivers/STM32L4xx_HAL_Driver/Src/stm32l4xx_hal.c:541:6:HAL_DBGMCU_EnableDBGStopMode	4	static
../Drivers/STM32L4xx_HAL_Driver/Src/stm32l4xx_hal.c:550:6:HAL_DBGMCU_DisableDBGStopMode	4	static
../Drivers/STM32L4xx_HAL_Driver/Src/stm32l4xx_hal.c:559:6:HAL_DBGMCU_EnableDBGStandbyMode	4	static
../Drivers/STM32L4xx_HAL_Driver/Src/stm32l4xx_hal.c:568:6:HAL_DBGMCU_DisableDBGStandbyMode	4	static
../Drivers/STM32L4xx_HAL_Driver/Src/stm32l4xx_hal.c:601:6:HAL_SYSCFG_SRAM2Erase	4	static
../Drivers/STM32L4xx_HAL_Driver/Src/stm32l4xx_hal.c:620:6:HAL_SYSCFG_EnableMemorySwappingBank	4	static
../Drivers/STM32L4xx_HAL_Driver/Src/stm32l4xx_hal.c:635:6:HAL_SYSCFG_DisableMemorySwappingBank	4	static
../Drivers/STM32L4xx_HAL_Driver/Src/stm32l4xx_hal.c:729:6:HAL_SYSCFG_EnableIOAnalogSwitchBooster	4	static
../Drivers/STM32L4xx_HAL_Driver/Src/stm32l4xx_hal.c:739:6:HAL_SYSCFG_DisableIOAnalogSwitchBooster	4	static
