../Core/Src/Events.cpp:31:1:Event::Event()	0	static
../Core/Src/Events.cpp:62:1:EventPool::EventPool()	24	static,ignoring_inline_asm
../Core/Src/Events.cpp:55:12:static EventPool& EventPool::instance()	8	static
../Core/Src/Events.cpp:36:6:void Event::reset()	16	static,ignoring_inline_asm
../Core/Src/Events.cpp:68:6:void EventPool::init()	0	static
../Core/Src/Events.cpp:72:8:Event* EventPool::newEvent(EventType)	16	static,ignoring_inline_asm
../Core/Src/Events.cpp:107:6:void EventPool::deleteEvent(Event*)	16	static,ignoring_inline_asm
../Core/Src/Events.cpp:117:10:uint32_t EventPool::maxUtilization()	0	static
../Core/Src/Events.cpp:122:10:uint32_t EventPool::utilization()	0	static
../Core/Src/Events.cpp:127:11:RXPacket* EventPool::newRXPacket()	0	static,ignoring_inline_asm
../Core/Src/Events.cpp:134:6:void EventPool::releaseRXPacket(RXPacket*)	4	static,ignoring_inline_asm
