../Core/Src/GPS.cpp:39:14:void __tcf_0()	0	static
../Core/Src/GPS.cpp:51:1:GPS::~GPS()	0	static
../Core/Src/GPS.cpp:51:1:virtual GPS::~GPS()	8	static
../Core/Src/GPS.cpp:325:6:void gnssSOTDMACB()	16	static
../Core/Src/GPS.cpp:315:6:void gnssInputCB(char)	24	static
../Core/Src/GPS.cpp:320:6:void gnss1PPSCB()	16	static
../Core/Src/GPS.cpp:37:1:static GPS& GPS::instance()	16	static
../Core/Src/GPS.cpp:43:1:GPS::GPS()	8	static
../Core/Src/GPS.cpp:56:8:time_t GPS::UTC()	0	static
../Core/Src/GPS.cpp:61:12:tm& GPS::time()	0	static
../Core/Src/GPS.cpp:66:10:uint32_t GPS::aisSlot()	0	static
../Core/Src/GPS.cpp:71:8:double GPS::lat()	8	static
../Core/Src/GPS.cpp:76:8:double GPS::lng()	8	static
../Core/Src/GPS.cpp:81:6:void GPS::setDelegate(GPSDelegate*)	0	static
../Core/Src/GPS.cpp:86:6:void GPS::init()	8	static
../Core/Src/GPS.cpp:93:6:void GPS::enable()	0	static
../Core/Src/GPS.cpp:98:6:void GPS::disable()	8	static
../Core/Src/GPS.cpp:104:6:bool GPS::isEnabled()	0	static
../Core/Src/GPS.cpp:109:6:void GPS::onRX(char)	16	static
../Core/Src/GPS.cpp:134:6:void GPS::onPPS()	16	static
../Core/Src/GPS.cpp:215:6:void GPS::parseSentence(const char*)	144	static
../Core/Src/GPS.cpp:188:6:virtual void GPS::processEvent(const Event&)	32	static,ignoring_inline_asm
../Core/Src/GPS.cpp:194:6:void GPS::processLine(const char*)	24	static
../Core/Src/GPS.cpp:286:6:void GPS::startTimer()	8	static
../Core/Src/GPS.cpp:293:6:void GPS::stopTimer()	8	static
../Core/Src/GPS.cpp:301:6:void GPS::onTimerIRQ()	0	static
