../Core/Src/NMEAEncoder.cpp:36:1:NMEAEncoder::~NMEAEncoder()	0	static
../Core/Src/NMEAEncoder.cpp:36:1:virtual NMEAEncoder::~NMEAEncoder()	8	static
../Core/Src/NMEAEncoder.cpp:31:1:NMEAEncoder::NMEAEncoder()	0	static
../Core/Src/NMEAEncoder.cpp:117:9:uint8_t NMEAEncoder::nmeaCRC(const char*)	0	static
/opt/st/stm32cubeide_1.17.0/plugins/com.st.stm32cube.ide.mcu.externaltools.gnu-tools-for-stm32.12.3.rel1.linux64_1.1.0.202410170702/tools/arm-none-eabi/include/c++/12.3.1/bits/vector.tcc:439:7:) [with _Args = {std::__cxx11::basic_string<char, std::char_traits<char>, std::allocator<char> >}; _Tp = std::__cxx11::basic_string<char>; _Alloc = std::allocator<std::__cxx11::basic_string<char> >]	56	static
../Core/Src/NMEAEncoder.cpp:40:6:void NMEAEncoder::encode(RXPacket&, std::vector<std::__cxx11::basic_string<char> >&)	200	static
