../Core/Src/Receiver.cpp:47:1:Receiver::~Receiver()	8	static
../Core/Src/Receiver.cpp:47:1:virtual Receiver::~Receiver()	8	static
../Core/Src/Receiver.cpp:317:6:virtual void Receiver::configureGPIOsForRX()	24	static
../Core/Src/Receiver.cpp:150:6:virtual void Receiver::timeSlotStarted(uint32_t)	24	static,ignoring_inline_asm
../Core/Src/Receiver.cpp:63:6:virtual void Receiver::startReceiving(VHFChannel, bool)	40	static
../Core/Src/Receiver.cpp:112:6:virtual void Receiver::onBitClock()	32	static,ignoring_inline_asm
../Core/Src/Receiver.cpp:29:1:Receiver::Receiver(GPIO_TypeDef*, uint32_t, GPIO_TypeDef*, uint32_t, GPIO_TypeDef*, uint32_t, GPIO_TypeDef*, uint32_t, int)	40	static,ignoring_inline_asm
../Core/Src/Receiver.cpp:51:12:VHFChannel Receiver::channel()	0	static
../Core/Src/Receiver.cpp:56:6:bool Receiver::init()	8	static
../Core/Src/Receiver.cpp:71:6:void Receiver::switchToChannel(VHFChannel)	0	static
../Core/Src/Receiver.cpp:76:6:void Receiver::startListening(VHFChannel, bool)	32	static
../Core/Src/Receiver.cpp:99:6:void Receiver::resetBitScanner()	0	static
../Core/Src/Receiver.cpp:172:18:Receiver::Action Receiver::processNRZIBit(uint8_t)	24	static,ignoring_inline_asm
../Core/Src/Receiver.cpp:238:6:bool Receiver::addBit(uint8_t)	16	static
../Core/Src/Receiver.cpp:272:6:void Receiver::pushPacket()	16	static,ignoring_inline_asm
../Core/Src/Receiver.cpp:309:9:uint8_t Receiver::reportRSSI()	16	static
