../Core/Src/RXPacket.cpp:28:1:RXPacket::RXPacket()	8	static
../Core/Src/RXPacket.cpp:33:1:RXPacket::~RXPacket()	0	static
../Core/Src/RXPacket.cpp:37:6:void RXPacket::setChannel(VHFChannel)	0	static
../Core/Src/RXPacket.cpp:42:12:VHFChannel RXPacket::channel() const	0	static
../Core/Src/RXPacket.cpp:48:1:RXPacket::RXPacket(const RXPacket&)	8	static
../Core/Src/RXPacket.cpp:64:11:RXPacket& RXPacket::operator=(const RXPacket&)	8	static
../Core/Src/RXPacket.cpp:82:6:void RXPacket::reset()	8	static
../Core/Src/RXPacket.cpp:97:6:void RXPacket::setSlot(uint32_t)	0	static
../Core/Src/RXPacket.cpp:102:10:uint32_t RXPacket::slot() const	0	static
../Core/Src/RXPacket.cpp:108:6:void RXPacket::setRSSI(uint8_t)	0	static
../Core/Src/RXPacket.cpp:113:9:uint8_t RXPacket::rssi() const	0	static
../Core/Src/RXPacket.cpp:119:6:void RXPacket::addBit(uint8_t)	8	static
../Core/Src/RXPacket.cpp:134:9:uint8_t RXPacket::bit(uint16_t) const	0	static
../Core/Src/RXPacket.cpp:146:10:uint32_t RXPacket::bits(uint16_t, uint8_t) const	12	static,ignoring_inline_asm
../Core/Src/RXPacket.cpp:159:6:void RXPacket::addBitCRC(uint8_t)	0	static
../Core/Src/RXPacket.cpp:167:6:void RXPacket::addByte(uint8_t)	8	static
../Core/Src/RXPacket.cpp:193:10:uint16_t RXPacket::size() const	0	static
../Core/Src/RXPacket.cpp:199:6:bool RXPacket::isBad() const	0	static
../Core/Src/RXPacket.cpp:209:10:uint16_t RXPacket::crc() const	0	static
../Core/Src/RXPacket.cpp:214:6:void RXPacket::discardCRC()	8	static
../Core/Src/RXPacket.cpp:228:6:void RXPacket::addFillBits(uint8_t)	16	static
../Core/Src/RXPacket.cpp:236:6:bool RXPacket::checkCRC() const	0	static
../Core/Src/RXPacket.cpp:244:9:uint8_t RXPacket::messageType() const	4	static
../Core/Src/RXPacket.cpp:257:9:uint8_t RXPacket::repeatIndicator() const	0	static
../Core/Src/RXPacket.cpp:266:10:uint32_t RXPacket::mmsi() const	8	static
