../Core/Src/Transceiver.cpp:330:6:virtual void Transceiver::configureGPIOsForRX()	32	static
../Core/Inc/Transceiver.hpp:29:7:Transceiver::~Transceiver()	8	static
../Core/Inc/Transceiver.hpp:29:7:virtual Transceiver::~Transceiver()	8	static
../Core/Src/Transceiver.cpp:104:6:virtual void Transceiver::processEvent(const Event&)	0	static
../Core/Inc/Transceiver.hpp:29:7:virtual void* Transceiver::_ZThn84_N11TransceiverD1Ev()	8	static
../Core/Inc/Transceiver.hpp:29:7:virtual void* Transceiver::_ZThn84_N11TransceiverD0Ev()	8	static
../Core/Inc/Transceiver.hpp:49:8:virtual void Transceiver::_ZThn84_N11Transceiver12processEventERK5Event(const Event&)	0	static
../Core/Src/Transceiver.cpp:32:1:Transceiver::Transceiver(GPIO_TypeDef*, uint32_t, GPIO_TypeDef*, uint32_t, GPIO_TypeDef*, uint32_t, GPIO_TypeDef*, uint32_t, int)	40	static
../Core/Src/Transceiver.cpp:139:6:void Transceiver::setTXPower(const pa_params&)	32	static
../Core/Src/Transceiver.cpp:152:6:void Transceiver::configureGPIOsForTX()	32	static
../Core/Src/Transceiver.cpp:172:6:void Transceiver::assignTXPacket(TXPacket*)	0	static,ignoring_inline_asm
../Core/Src/Transceiver.cpp:179:11:TXPacket* Transceiver::assignedTXPacket()	0	static
../Core/Src/Transceiver.cpp:299:6:void Transceiver::startTransmitting()	32	static,ignoring_inline_asm
../Core/Src/Transceiver.cpp:349:6:void Transceiver::reportTXEvent()	24	static
../Core/Src/Transceiver.cpp:44:6:virtual void Transceiver::configure()	72	static
../Core/Src/Transceiver.cpp:325:6:virtual void Transceiver::startReceiving(VHFChannel, bool)	0	static
../Core/Src/Transceiver.cpp:116:6:void Transceiver::transmitCW(VHFChannel)	48	static
../Core/Src/Transceiver.cpp:187:6:virtual void Transceiver::onBitClock()	32	static
../Core/Src/Transceiver.cpp:290:6:virtual void Transceiver::timeSlotStarted(uint32_t)	16	static
