../Core/Src/TXPacket.cpp:27:1:TXPacket::TXPacket()	8	static
../Core/Src/TXPacket.cpp:33:6:void TXPacket::configure(VHFChannel)	0	static
../Core/Src/TXPacket.cpp:40:6:void TXPacket::configureForTesting(VHFChannel, uint16_t)	0	static
../Core/Src/TXPacket.cpp:48:1:TXPacket::~TXPacket()	0	static
../Core/Src/TXPacket.cpp:52:6:void TXPacket::reset()	0	static
../Core/Src/TXPacket.cpp:61:10:uint16_t TXPacket::size()	0	static
../Core/Src/TXPacket.cpp:66:6:void TXPacket::setTimestamp(time_t)	0	static
../Core/Src/TXPacket.cpp:71:8:time_t TXPacket::timestamp()	0	static
../Core/Src/TXPacket.cpp:76:6:void TXPacket::setMessageType(const char*)	0	static
../Core/Src/TXPacket.cpp:81:6:bool TXPacket::isTestPacket()	0	static
../Core/Src/TXPacket.cpp:86:13:const char* TXPacket::messageType()	0	static
../Core/Src/TXPacket.cpp:91:12:VHFChannel TXPacket::channel()	0	static
../Core/Src/TXPacket.cpp:96:6:void TXPacket::addBit(uint8_t)	0	static,ignoring_inline_asm
../Core/Src/TXPacket.cpp:109:6:void TXPacket::pad()	0	static,ignoring_inline_asm
../Core/Src/TXPacket.cpp:116:6:bool TXPacket::eof()	0	static
../Core/Src/TXPacket.cpp:124:6:bool TXPacket::canRampDown()	0	static
../Core/Src/TXPacket.cpp:129:9:uint8_t TXPacket::nextBit()	8	static,ignoring_inline_asm
../Core/Src/TXPacket.cpp:153:15:static TXPacketPool& TXPacketPool::instance()	0	static
../Core/Src/TXPacket.cpp:159:6:void TXPacketPool::init()	32	static,ignoring_inline_asm
../Core/Src/TXPacket.cpp:164:11:TXPacket* TXPacketPool::newTXPacket(VHFChannel)	16	static
../Core/Src/TXPacket.cpp:175:6:void TXPacketPool::deleteTXPacket(TXPacket*)	4	static,ignoring_inline_asm
