../Core/Src/TXScheduler.cpp:73:24:void __tcf_0()	0	static
../Core/Src/TXScheduler.cpp:170:1:TXScheduler::~TXScheduler()	0	static
../Core/Src/TXScheduler.cpp:170:1:virtual TXScheduler::~TXScheduler()	8	static
../Core/Src/TXScheduler.cpp:72:15:static TXScheduler& TXScheduler::instance()	24	static
../Core/Src/TXScheduler.cpp:83:1:TXScheduler::TXScheduler()	24	static
../Core/Src/TXScheduler.cpp:114:6:void TXScheduler::queueMessage24(VHFChannel)	40	static
../Core/Src/TXScheduler.cpp:158:8:time_t TXScheduler::positionReportTimeInterval()	0	static
../Core/Src/TXScheduler.cpp:177:6:void TXScheduler::reportTXStatus()	40	static
../Core/Src/TXScheduler.cpp:99:6:void TXScheduler::init()	8	static
../Core/Src/TXScheduler.cpp:196:6:bool TXScheduler::isTXAllowed()	8	static
../Core/Src/TXScheduler.cpp:267:6:void TXScheduler::sendNMEASentence(const char*)	16	static
../Core/Src/TXScheduler.cpp:284:6:void TXScheduler::queueMessage18(VHFChannel)	56	static
../Core/Src/TXScheduler.cpp:215:6:virtual void TXScheduler::processEvent(const Event&)	24	static
../Core/Src/TXScheduler.cpp:312:6:void TXScheduler::queueAODVRREQ(VHFChannel, const AODV_rreq_t&)	24	static
../Core/Src/TXScheduler.cpp:338:6:void TXScheduler::arbitrary_tx(VHFChannel, const arbitrary_tx_t&)	8	static
